2026-03-27 09:28:55,457 [INFO] 故障监听器已启动
2026-03-27 09:28:55,457 [INFO] 真空监听器已启动，监听2个真空PV
2026-03-27 09:28:55,457 [INFO] ============================================================
2026-03-27 09:28:55,457 [INFO] RFQ自动老练系统 (状态机版本) 开始运行...
2026-03-27 09:28:55,457 [INFO] ============================================================
2026-03-27 09:29:00,582 [INFO] 状态转换: 空闲等待 (#0) -> 初始化中 (#10)
2026-03-27 09:29:00,583 [INFO] INITIALIZING
2026-03-27 09:29:01,643 [INFO] 从PV加载参数...
2026-03-27 09:29:01,690 [INFO] 多目标模式 [10.0, 12.0, 14.0]，写入第1/3个目标=10.0 kW -> AutoC_TargetPower
2026-03-27 09:29:01,705 [INFO] 目标功率: 10.0 kW
2026-03-27 09:29:01,753 [INFO] 初始Drive: 100.0
2026-03-27 09:29:01,939 [INFO] 保存原始初始脉宽: 100.0 ms
2026-03-27 09:29:01,940 [INFO] 脉冲参数: 100.0-110.0 ms, 步长=10.0 ms
2026-03-27 09:29:02,126 [INFO] 脉冲模式: 起始脉宽=100.0ms
2026-03-27 09:29:02,126 [INFO] RF启动尝试 1/3
2026-03-27 09:29:04,850 [INFO] RF启动成功（第1次尝试）
2026-03-27 09:29:04,851 [INFO] 初始化完成，进入功率调节状态
2026-03-27 09:29:04,851 [INFO] 状态转换: 初始化中 (#10) -> 调节功率 (#20)
2026-03-27 09:29:04,851 [INFO] ADJUSTING_POWER
2026-03-27 09:29:04,882 [INFO] 状态转换: 调节功率 (#20) -> 已暂停 (#15)
2026-03-27 09:29:04,882 [INFO] PAUSED
2026-03-27 09:29:12,108 [INFO] 检测到恢复信号，重新加载控制参数...
2026-03-27 09:29:12,108 [INFO] 从PV加载参数...
2026-03-27 09:29:12,124 [INFO] 多目标模式 [10.0, 12.0, 14.0]，写入第1/3个目标=10.0 kW -> AutoC_TargetPower
2026-03-27 09:29:12,139 [INFO] 目标功率: 10.0 kW
2026-03-27 09:29:12,154 [INFO] 初始Drive: 100.0
2026-03-27 09:29:12,200 [INFO] 脉冲参数: 100.0-110.0 ms, 步长=10.0 ms
2026-03-27 09:29:12,200 [INFO] 恢复运行，返回到状态: 调节功率
2026-03-27 09:29:12,200 [INFO] 状态转换: 已暂停 (#15) -> 调节功率 (#20)
2026-03-27 09:29:12,200 [INFO] ADJUSTING_POWER
2026-03-27 09:29:12,539 [INFO] 功率达标: 10.0kW
2026-03-27 09:29:12,539 [INFO] 功率达标: 10.0kW
2026-03-27 09:29:12,540 [INFO] 功率已达标，模式: 脉冲
2026-03-27 09:29:12,540 [INFO] 功率达标，准备展脉宽
2026-03-27 09:29:12,540 [INFO] 状态转换: 调节功率 (#20) -> 展宽脉冲 (#30)
2026-03-27 09:29:12,540 [INFO] EXPANDING_PULSE
2026-03-27 09:29:13,163 [INFO] 展脉宽: 100→110ms
2026-03-27 09:29:15,164 [INFO] 展脉宽: 100→110ms
2026-03-27 09:29:15,164 [INFO] 状态转换: 展宽脉冲 (#30) -> 调节功率 (#20)
2026-03-27 09:29:15,164 [INFO] ADJUSTING_POWER
2026-03-27 09:29:15,810 [INFO] 功率达标: 10.0kW
2026-03-27 09:29:15,811 [INFO] 功率达标: 10.0kW
2026-03-27 09:29:15,811 [INFO] 功率已达标，模式: 脉冲
2026-03-27 09:29:15,812 [INFO] 功率达标，准备展脉宽
2026-03-27 09:29:15,812 [INFO] 状态转换: 调节功率 (#20) -> 展宽脉冲 (#30)
2026-03-27 09:29:15,812 [INFO] EXPANDING_PULSE
2026-03-27 09:29:16,404 [INFO] 脉宽已达目标: 110ms
2026-03-27 09:29:16,404 [INFO] 脉宽已达目标: 110ms
2026-03-27 09:29:16,419 [INFO] 切换到第2/3个功率目标: 12.0 kW
2026-03-27 09:29:16,435 [INFO] 恢复初始脉宽: 100.0ms，准备下一功率目标展脉宽
2026-03-27 09:29:16,435 [INFO] 状态转换: 展宽脉冲 (#30) -> 调节功率 (#20)
2026-03-27 09:29:16,436 [INFO] ADJUSTING_POWER
2026-03-27 09:29:19,089 [INFO] 小步增加 Drive: 100.0→102.0, 功率=10.0kW (目标=12.0kW)
2026-03-27 09:29:19,089 [INFO] 小步增加 Drive: 100.0→102.0, 功率=10.0kW (目标=12.0kW)
2026-03-27 09:29:19,603 [INFO] 状态转换: 调节功率 (#20) -> 已暂停 (#15)
2026-03-27 09:29:19,603 [INFO] PAUSED
2026-03-27 09:30:34,874 [INFO] 检测到恢复信号，重新加载控制参数...
2026-03-27 09:30:34,875 [INFO] 从PV加载参数...
2026-03-27 09:30:34,891 [INFO] 多目标模式 [10.0, 12.0, 14.0]，写入第2/3个目标=12.0 kW -> AutoC_TargetPower
2026-03-27 09:30:34,906 [INFO] 目标功率: 12.0 kW
2026-03-27 09:30:34,922 [INFO] 初始Drive: 100.0
2026-03-27 09:30:34,969 [INFO] 脉冲参数: 100.0-110.0 ms, 步长=10.0 ms
2026-03-27 09:30:34,969 [INFO] 恢复运行，返回到状态: 调节功率
2026-03-27 09:30:34,969 [INFO] 状态转换: 已暂停 (#15) -> 调节功率 (#20)
2026-03-27 09:30:34,969 [INFO] ADJUSTING_POWER
2026-03-27 09:30:37,141 [INFO] 小步增加 Drive: 102.0→104.0, 功率=10.2kW (目标=12.0kW)
2026-03-27 09:30:37,141 [INFO] 小步增加 Drive: 102.0→104.0, 功率=10.2kW (目标=12.0kW)
2026-03-27 09:30:39,794 [INFO] 小步增加 Drive: 104.0→106.0, 功率=10.4kW (目标=12.0kW)
2026-03-27 09:30:39,794 [INFO] 小步增加 Drive: 104.0→106.0, 功率=10.4kW (目标=12.0kW)
2026-03-27 09:30:40,301 [INFO] 状态转换: 调节功率 (#20) -> 已暂停 (#15)
2026-03-27 09:30:40,302 [INFO] PAUSED
2026-03-27 10:08:11,382 [WARNING] 用户中断 (Ctrl+C)
2026-03-27 10:08:11,382 [INFO] 状态转换: 已暂停 (#15) -> 已停止 (#101)
2026-03-27 10:08:11,382 [INFO] STOPPED
2026-03-27 10:08:11,439 [WARNING] 用户请求停止
2026-03-27 10:08:11,966 [INFO] 故障监听器已停止
2026-03-27 10:08:11,967 [INFO] 真空监听器已停止
2026-03-27 11:14:07,528 [INFO] 故障监听器已启动 (arc / VacInterlock / interlock2 / di4)
2026-03-27 11:14:07,529 [INFO] 真空监听器已启动，监听8个真空PV
2026-03-27 11:14:07,529 [INFO] ============================================================
2026-03-27 11:14:07,529 [INFO] RFQ自动老练系统 (状态机版本) 开始运行...
2026-03-27 11:14:07,529 [INFO] ============================================================
2026-03-27 11:14:07,576 [WARNING] 检测到Arc故障 (第1次)
2026-03-27 11:14:07,576 [INFO] [Arc] 复位 reset_interlock: RFQ:LLRF:Con01:ResetInterlock
2026-03-27 11:14:10,562 [ERROR] 读取PV失败: RFQ:LLRF:Con01:AutoC_Start
2026-03-27 11:14:14,586 [ERROR] 读取PV失败: RFQ:LLRF:Con01:AutoC_Start
2026-03-27 11:14:18,619 [ERROR] 读取PV失败: RFQ:LLRF:Con01:AutoC_Start
2026-03-27 11:14:19,579 [INFO] [Arc] 复位 ResetPWFaultStat1: RFQ:LLRF:Mon01:ResetPWFaultStat
2026-03-27 11:14:22,655 [ERROR] 读取PV失败: RFQ:LLRF:Con01:AutoC_Start
2026-03-27 11:14:26,687 [ERROR] 读取PV失败: RFQ:LLRF:Con01:AutoC_Start
2026-03-27 11:14:30,718 [ERROR] 读取PV失败: RFQ:LLRF:Con01:AutoC_Start
2026-03-27 11:14:31,582 [INFO] [Arc] 复位 ResetPWFaultStat2: RFQ:LLRF:Mon02:ResetPWFaultStat
2026-03-27 11:14:34,744 [ERROR] 读取PV失败: RFQ:LLRF:Con01:AutoC_Start
2026-03-27 11:14:38,775 [ERROR] 读取PV失败: RFQ:LLRF:Con01:AutoC_Start
2026-03-27 11:14:42,795 [ERROR] 读取PV失败: RFQ:LLRF:Con01:AutoC_Start
2026-03-27 11:14:43,584 [INFO] Arc故障复位完成，等待状态机重新初始化
2026-03-27 11:14:43,584 [WARNING] 检测到VacInterlock故障 (第2次)
2026-03-27 11:14:43,584 [INFO] [VacInterlock] 优先触发真空复位: RFQ:Reset
2026-03-27 11:14:46,822 [ERROR] 读取PV失败: RFQ:LLRF:Con01:AutoC_Start
2026-03-27 11:14:50,839 [ERROR] 读取PV失败: RFQ:LLRF:Con01:AutoC_Start
2026-03-27 11:14:54,868 [ERROR] 读取PV失败: RFQ:LLRF:Con01:AutoC_Start
2026-03-27 11:14:56,590 [INFO] [VacInterlock] 复位 reset_interlock: RFQ:LLRF:Con01:ResetInterlock
2026-03-27 11:14:57,544 [WARNING] 用户中断 (Ctrl+C)
2026-03-27 11:14:57,544 [INFO] 状态转换: 空闲等待 (#0) -> 已停止 (#101)
2026-03-27 11:14:57,544 [INFO] STOPPED
2026-03-27 11:15:07,567 [ERROR] 读取PV失败: RFQ:LLRF:Con01:AutoC_Reset
2026-03-27 11:15:07,568 [WARNING] 用户请求停止
2026-03-27 11:15:08,593 [INFO] [VacInterlock] 复位 ResetPWFaultStat1: RFQ:LLRF:Mon01:ResetPWFaultStat
2026-03-27 11:15:20,594 [INFO] [VacInterlock] 复位 ResetPWFaultStat2: RFQ:LLRF:Mon02:ResetPWFaultStat
2026-03-27 11:15:32,597 [INFO] VacInterlock故障复位完成，等待状态机重新初始化
2026-03-27 11:15:32,597 [WARNING] 检测到Interlock2故障 (第3次)
2026-03-27 11:15:32,598 [INFO] [Interlock2] 复位 reset_interlock: RFQ:LLRF:Con01:ResetInterlock
2026-03-27 11:15:44,600 [INFO] [Interlock2] 复位 ResetPWFaultStat1: RFQ:LLRF:Mon01:ResetPWFaultStat
2026-03-27 11:15:56,603 [INFO] [Interlock2] 复位 ResetPWFaultStat2: RFQ:LLRF:Mon02:ResetPWFaultStat
2026-03-27 11:16:07,234 [INFO] 故障监听器已启动 (arc / VacInterlock / interlock2 / di4)
2026-03-27 11:16:07,234 [INFO] 真空监听器已启动，监听8个真空PV
2026-03-27 11:16:07,235 [INFO] ============================================================
2026-03-27 11:16:07,235 [INFO] RFQ自动老练系统 (状态机版本) 开始运行...
2026-03-27 11:16:07,235 [INFO] ============================================================
2026-03-27 11:16:07,275 [WARNING] 检测到Arc故障 (第1次)
2026-03-27 11:16:07,275 [INFO] [Arc] 复位 reset_interlock: RFQ:LLRF:Con01:ResetInterlock
2026-03-27 11:16:10,264 [ERROR] 读取PV失败: RFQ:LLRF:Con01:AutoC_Start
2026-03-27 11:16:14,281 [ERROR] 读取PV失败: RFQ:LLRF:Con01:AutoC_Start
2026-03-27 11:16:16,459 [WARNING] 用户中断 (Ctrl+C)
2026-03-27 11:16:16,459 [INFO] 状态转换: 空闲等待 (#0) -> 已停止 (#101)
2026-03-27 11:16:16,459 [INFO] STOPPED
2026-03-27 11:16:19,277 [INFO] [Arc] 复位 ResetPWFaultStat1: RFQ:LLRF:Mon01:ResetPWFaultStat
2026-03-27 11:17:47,265 [INFO] 故障监听器已启动 (arc / VacInterlock / interlock2 / di4)
2026-03-27 11:17:47,265 [INFO] 真空监听器已启动，监听8个真空PV
2026-03-27 11:17:47,265 [INFO] ============================================================
2026-03-27 11:17:47,266 [INFO] RFQ自动老练系统 (状态机版本) 开始运行...
2026-03-27 11:17:47,266 [INFO] ============================================================
2026-03-27 11:17:51,381 [INFO] 状态转换: 空闲等待 (#0) -> 初始化中 (#10)
2026-03-27 11:17:51,382 [INFO] INITIALIZING
2026-03-27 11:17:52,456 [INFO] 从PV加载参数...
2026-03-27 11:17:52,502 [INFO] 多目标模式 [10.0, 12.0, 14.0]，写入第1/3个目标=10.0 kW -> AutoC_TargetPower
2026-03-27 11:17:52,518 [INFO] 目标功率: 10.0 kW
2026-03-27 11:17:52,566 [INFO] 初始Drive: 100.0
2026-03-27 11:17:52,750 [INFO] 保存原始初始脉宽: 100.0 ms
2026-03-27 11:17:52,751 [INFO] 脉冲参数: 100.0-110.0 ms, 步长=10.0 ms
2026-03-27 11:17:52,907 [INFO] 脉冲模式: 起始脉宽=100.0ms
2026-03-27 11:17:52,908 [INFO] RF启动尝试 1/3
2026-03-27 11:17:55,645 [INFO] RF启动成功（第1次尝试）
2026-03-27 11:17:55,645 [INFO] 初始化完成，进入功率调节状态
2026-03-27 11:17:55,645 [INFO] 状态转换: 初始化中 (#10) -> 调节功率 (#20)
2026-03-27 11:17:55,645 [INFO] ADJUSTING_POWER
2026-03-27 11:17:55,943 [INFO] 功率达标: 10.0kW
2026-03-27 11:17:55,943 [INFO] 功率达标: 10.0kW
2026-03-27 11:17:55,943 [INFO] 功率已达标，模式: 脉冲
2026-03-27 11:17:55,945 [INFO] 功率达标，准备展脉宽
2026-03-27 11:17:55,945 [INFO] 状态转换: 调节功率 (#20) -> 展宽脉冲 (#30)
2026-03-27 11:17:55,945 [INFO] EXPANDING_PULSE
2026-03-27 11:17:56,568 [INFO] 展脉宽: 100→110ms
2026-03-27 11:17:58,570 [INFO] 展脉宽: 100→110ms
2026-03-27 11:17:58,570 [INFO] 状态转换: 展宽脉冲 (#30) -> 调节功率 (#20)
2026-03-27 11:17:58,570 [INFO] ADJUSTING_POWER
2026-03-27 11:17:59,214 [INFO] 功率达标: 10.0kW
2026-03-27 11:17:59,215 [INFO] 功率达标: 10.0kW
2026-03-27 11:17:59,216 [INFO] 功率已达标，模式: 脉冲
2026-03-27 11:17:59,216 [INFO] 功率达标，准备展脉宽
2026-03-27 11:17:59,216 [INFO] 状态转换: 调节功率 (#20) -> 展宽脉冲 (#30)
2026-03-27 11:17:59,217 [INFO] EXPANDING_PULSE
2026-03-27 11:17:59,808 [INFO] 脉宽已达目标: 110ms
2026-03-27 11:17:59,809 [INFO] 脉宽已达目标: 110ms
2026-03-27 11:17:59,823 [INFO] 切换到第2/3个功率目标: 12.0 kW
2026-03-27 11:17:59,838 [INFO] 恢复初始脉宽: 100.0ms，准备下一功率目标展脉宽
2026-03-27 11:17:59,839 [INFO] 状态转换: 展宽脉冲 (#30) -> 调节功率 (#20)
2026-03-27 11:17:59,839 [INFO] ADJUSTING_POWER
2026-03-27 11:18:02,509 [INFO] 小步增加 Drive: 100.0→102.0, 功率=10.0kW (目标=12.0kW)
2026-03-27 11:18:02,510 [INFO] 小步增加 Drive: 100.0→102.0, 功率=10.0kW (目标=12.0kW)
2026-03-27 11:18:05,165 [INFO] 小步增加 Drive: 102.0→104.0, 功率=10.2kW (目标=12.0kW)
2026-03-27 11:18:05,165 [INFO] 小步增加 Drive: 102.0→104.0, 功率=10.2kW (目标=12.0kW)
2026-03-27 11:18:07,824 [INFO] 小步增加 Drive: 104.0→106.0, 功率=10.4kW (目标=12.0kW)
2026-03-27 11:18:07,824 [INFO] 小步增加 Drive: 104.0→106.0, 功率=10.4kW (目标=12.0kW)
2026-03-27 11:18:10,477 [INFO] 小步增加 Drive: 106.0→108.0, 功率=10.6kW (目标=12.0kW)
2026-03-27 11:18:10,477 [INFO] 小步增加 Drive: 106.0→108.0, 功率=10.6kW (目标=12.0kW)
2026-03-27 11:18:13,125 [INFO] 小步增加 Drive: 108.0→110.0, 功率=10.8kW (目标=12.0kW)
2026-03-27 11:18:13,125 [INFO] 小步增加 Drive: 108.0→110.0, 功率=10.8kW (目标=12.0kW)
2026-03-27 11:18:15,771 [INFO] 小步增加 Drive: 110.0→112.0, 功率=11.0kW (目标=12.0kW)
2026-03-27 11:18:15,771 [INFO] 小步增加 Drive: 110.0→112.0, 功率=11.0kW (目标=12.0kW)
2026-03-27 11:18:16,404 [INFO] 功率达标: 11.2kW
2026-03-27 11:18:16,405 [INFO] 功率达标: 11.2kW
2026-03-27 11:18:16,405 [INFO] 功率已达标，模式: 脉冲
2026-03-27 11:18:16,405 [INFO] 功率达标，准备展脉宽
2026-03-27 11:18:16,406 [INFO] 状态转换: 调节功率 (#20) -> 展宽脉冲 (#30)
2026-03-27 11:18:16,406 [INFO] EXPANDING_PULSE
2026-03-27 11:18:16,998 [INFO] 展脉宽: 100→110ms
2026-03-27 11:18:19,000 [INFO] 展脉宽: 100→110ms
2026-03-27 11:18:19,000 [INFO] 状态转换: 展宽脉冲 (#30) -> 调节功率 (#20)
2026-03-27 11:18:19,000 [INFO] ADJUSTING_POWER
2026-03-27 11:18:19,644 [INFO] 功率达标: 11.2kW
2026-03-27 11:18:19,645 [INFO] 功率达标: 11.2kW
2026-03-27 11:18:19,645 [INFO] 功率已达标，模式: 脉冲
2026-03-27 11:18:19,645 [INFO] 功率达标，准备展脉宽
2026-03-27 11:18:19,645 [INFO] 状态转换: 调节功率 (#20) -> 展宽脉冲 (#30)
2026-03-27 11:18:19,646 [INFO] EXPANDING_PULSE
2026-03-27 11:18:20,240 [INFO] 脉宽已达目标: 110ms
2026-03-27 11:18:20,240 [INFO] 脉宽已达目标: 110ms
2026-03-27 11:18:20,255 [INFO] 切换到第3/3个功率目标: 14.0 kW
2026-03-27 11:18:20,272 [INFO] 恢复初始脉宽: 100.0ms，准备下一功率目标展脉宽
2026-03-27 11:18:20,272 [INFO] 状态转换: 展宽脉冲 (#30) -> 调节功率 (#20)
2026-03-27 11:18:20,272 [INFO] ADJUSTING_POWER
2026-03-27 11:18:22,918 [INFO] 小步增加 Drive: 112.0→114.0, 功率=11.2kW (目标=14.0kW)
2026-03-27 11:18:22,918 [INFO] 小步增加 Drive: 112.0→114.0, 功率=11.2kW (目标=14.0kW)
2026-03-27 11:18:25,559 [INFO] 小步增加 Drive: 114.0→116.0, 功率=11.4kW (目标=14.0kW)
2026-03-27 11:18:25,559 [INFO] 小步增加 Drive: 114.0→116.0, 功率=11.4kW (目标=14.0kW)
2026-03-27 11:18:28,213 [INFO] 小步增加 Drive: 116.0→118.0, 功率=11.6kW (目标=14.0kW)
2026-03-27 11:18:28,213 [INFO] 小步增加 Drive: 116.0→118.0, 功率=11.6kW (目标=14.0kW)
2026-03-27 11:18:30,859 [INFO] 小步增加 Drive: 118.0→120.0, 功率=11.8kW (目标=14.0kW)
2026-03-27 11:18:30,859 [INFO] 小步增加 Drive: 118.0→120.0, 功率=11.8kW (目标=14.0kW)
2026-03-27 11:18:33,504 [INFO] 小步增加 Drive: 120.0→122.0, 功率=12.0kW (目标=14.0kW)
2026-03-27 11:18:33,504 [INFO] 小步增加 Drive: 120.0→122.0, 功率=12.0kW (目标=14.0kW)
2026-03-27 11:18:36,136 [INFO] 小步增加 Drive: 122.0→124.0, 功率=12.2kW (目标=14.0kW)
2026-03-27 11:18:36,136 [INFO] 小步增加 Drive: 122.0→124.0, 功率=12.2kW (目标=14.0kW)
2026-03-27 11:18:38,794 [INFO] 小步增加 Drive: 124.0→126.0, 功率=12.4kW (目标=14.0kW)
2026-03-27 11:18:38,794 [INFO] 小步增加 Drive: 124.0→126.0, 功率=12.4kW (目标=14.0kW)
2026-03-27 11:18:41,447 [INFO] 小步增加 Drive: 126.0→128.0, 功率=12.6kW (目标=14.0kW)
2026-03-27 11:18:41,447 [INFO] 小步增加 Drive: 126.0→128.0, 功率=12.6kW (目标=14.0kW)
2026-03-27 11:18:44,106 [INFO] 小步增加 Drive: 128.0→130.0, 功率=12.8kW (目标=14.0kW)
2026-03-27 11:18:44,106 [INFO] 小步增加 Drive: 128.0→130.0, 功率=12.8kW (目标=14.0kW)
2026-03-27 11:18:46,740 [INFO] 小步增加 Drive: 130.0→132.0, 功率=13.0kW (目标=14.0kW)
2026-03-27 11:18:46,740 [INFO] 小步增加 Drive: 130.0→132.0, 功率=13.0kW (目标=14.0kW)
2026-03-27 11:18:47,366 [INFO] 功率达标: 13.2kW
2026-03-27 11:18:47,367 [INFO] 功率达标: 13.2kW
2026-03-27 11:18:47,367 [INFO] 功率已达标，模式: 脉冲
2026-03-27 11:18:47,367 [INFO] 功率达标，准备展脉宽
2026-03-27 11:18:47,367 [INFO] 状态转换: 调节功率 (#20) -> 展宽脉冲 (#30)
2026-03-27 11:18:47,368 [INFO] EXPANDING_PULSE
2026-03-27 11:18:47,963 [INFO] 展脉宽: 100→110ms
2026-03-27 11:18:49,964 [INFO] 展脉宽: 100→110ms
2026-03-27 11:18:49,965 [INFO] 状态转换: 展宽脉冲 (#30) -> 调节功率 (#20)
2026-03-27 11:18:49,965 [INFO] ADJUSTING_POWER
2026-03-27 11:18:50,618 [INFO] 功率达标: 13.2kW
2026-03-27 11:18:50,618 [INFO] 功率达标: 13.2kW
2026-03-27 11:18:50,619 [INFO] 功率已达标，模式: 脉冲
2026-03-27 11:18:50,619 [INFO] 功率达标，准备展脉宽
2026-03-27 11:18:50,619 [INFO] 状态转换: 调节功率 (#20) -> 展宽脉冲 (#30)
2026-03-27 11:18:50,619 [INFO] EXPANDING_PULSE
2026-03-27 11:18:51,210 [INFO] 脉宽已达目标: 110ms
2026-03-27 11:18:51,211 [INFO] 脉宽已达目标: 110ms
2026-03-27 11:18:51,211 [INFO] 状态转换: 展宽脉冲 (#30) -> 老练完成 (#90)
2026-03-27 11:18:51,211 [INFO] COMPLETED
2026-03-27 11:18:51,756 [INFO] ============================================================
2026-03-27 11:18:51,756 [INFO] 老练成功完成
2026-03-27 11:18:51,757 [INFO] 总故障次数: 0
2026-03-27 11:18:51,757 [INFO] 总迭代次数: 0
2026-03-27 11:18:51,757 [INFO] ============================================================
2026-03-27 11:18:51,758 [INFO] 将start PV设为0
2026-03-27 11:20:03,063 [WARNING] 检测到Arc故障 (第1次)
2026-03-27 11:20:03,064 [INFO] [Arc] 复位 reset_interlock: RFQ:LLRF:Con01:ResetInterlock
2026-03-27 11:20:15,067 [INFO] [Arc] 复位 ResetPWFaultStat1: RFQ:LLRF:Mon01:ResetPWFaultStat
2026-03-27 11:20:27,070 [INFO] [Arc] 复位 ResetPWFaultStat2: RFQ:LLRF:Mon02:ResetPWFaultStat
2026-03-27 11:20:39,072 [INFO] Arc故障复位完成，等待状态机重新初始化
2026-03-27 11:20:59,201 [INFO] 执行Reset，状态机重置到IDLE
2026-03-27 11:20:59,202 [INFO] 重置故障计数
2026-03-27 11:20:59,440 [INFO] 故障监听器已启动 (arc / VacInterlock / interlock2 / di4)
2026-03-27 11:20:59,911 [INFO] 真空监听器已启动，监听8个真空PV
2026-03-27 11:20:59,911 [INFO] 状态转换: 老练完成 (#90) -> 空闲等待 (#0)
2026-03-27 11:20:59,911 [INFO] IDLE
2026-03-27 11:20:59,926 [INFO] 系统已重置
2026-03-27 11:26:30,937 [INFO] 故障监听器已启动 (arc / VacInterlock / interlock2 / di4)
2026-03-27 11:26:30,937 [INFO] 真空监听器已启动，监听8个真空PV
2026-03-27 11:26:30,939 [INFO] ============================================================
2026-03-27 11:26:30,939 [INFO] RFQ自动老练系统 (状态机版本) 开始运行...
2026-03-27 11:26:30,939 [INFO] ============================================================
2026-03-27 11:26:37,061 [INFO] 状态转换: 空闲等待 (#0) -> 初始化中 (#10)
2026-03-27 11:26:37,061 [INFO] INITIALIZING
2026-03-27 11:26:38,121 [INFO] 从PV加载参数...
2026-03-27 11:26:38,167 [INFO] 多目标模式 [10.0, 12.0, 14.0]，写入第1/3个目标=10.0 kW -> AutoC_TargetPower
2026-03-27 11:26:38,183 [INFO] 目标功率: 10.0 kW
2026-03-27 11:26:38,230 [INFO] 初始Drive: 100.0
2026-03-27 11:26:38,416 [INFO] 保存原始初始脉宽: 100.0 ms
2026-03-27 11:26:38,416 [INFO] 脉冲参数: 100.0-110.0 ms, 步长=10.0 ms
2026-03-27 11:26:38,574 [INFO] 脉冲模式: 起始脉宽=100.0ms
2026-03-27 11:26:38,575 [INFO] RF启动尝试 1/3
2026-03-27 11:26:41,276 [INFO] RF启动成功（第1次尝试）
2026-03-27 11:26:41,277 [INFO] 初始化完成，进入功率调节状态
2026-03-27 11:26:41,277 [INFO] 状态转换: 初始化中 (#10) -> 调节功率 (#20)
2026-03-27 11:26:41,277 [INFO] ADJUSTING_POWER
2026-03-27 11:26:41,633 [INFO] 功率达标: 10.0kW
2026-03-27 11:26:41,634 [INFO] 功率达标: 10.0kW
2026-03-27 11:26:41,634 [INFO] 功率已达标，模式: 脉冲
2026-03-27 11:26:41,635 [INFO] 功率达标，准备展脉宽
2026-03-27 11:26:41,635 [INFO] 状态转换: 调节功率 (#20) -> 展宽脉冲 (#30)
2026-03-27 11:26:41,635 [INFO] EXPANDING_PULSE
2026-03-27 11:26:42,272 [INFO] 展脉宽: 100→110ms
2026-03-27 11:26:44,272 [INFO] 展脉宽: 100→110ms
2026-03-27 11:26:44,272 [INFO] 状态转换: 展宽脉冲 (#30) -> 调节功率 (#20)
2026-03-27 11:26:44,272 [INFO] ADJUSTING_POWER
2026-03-27 11:26:44,927 [INFO] 功率达标: 10.0kW
2026-03-27 11:26:44,927 [INFO] 功率达标: 10.0kW
2026-03-27 11:26:44,927 [INFO] 功率已达标，模式: 脉冲
2026-03-27 11:26:44,927 [INFO] 功率达标，准备展脉宽
2026-03-27 11:26:44,927 [INFO] 状态转换: 调节功率 (#20) -> 展宽脉冲 (#30)
2026-03-27 11:26:44,927 [INFO] EXPANDING_PULSE
2026-03-27 11:26:45,511 [INFO] 脉宽已达目标: 110ms
2026-03-27 11:26:45,512 [INFO] 脉宽已达目标: 110ms
2026-03-27 11:26:45,528 [INFO] 切换到第2/3个功率目标: 12.0 kW
2026-03-27 11:26:45,543 [INFO] 恢复初始脉宽: 100.0ms，准备下一功率目标展脉宽
2026-03-27 11:26:45,544 [INFO] 状态转换: 展宽脉冲 (#30) -> 调节功率 (#20)
2026-03-27 11:26:45,544 [INFO] ADJUSTING_POWER
2026-03-27 11:26:46,763 [WARNING] 检测到Arc故障 (第1次)
2026-03-27 11:26:46,764 [INFO] [Arc] 复位 reset_interlock: RFQ:LLRF:Con01:ResetInterlock
2026-03-27 11:26:48,204 [INFO] 小步增加 Drive: 100.0→102.0, 功率=10.0kW (目标=12.0kW)
2026-03-27 11:26:48,204 [INFO] 小步增加 Drive: 100.0→102.0, 功率=10.0kW (目标=12.0kW)
2026-03-27 11:26:58,765 [INFO] [Arc] 复位 ResetPWFaultStat1: RFQ:LLRF:Mon01:ResetPWFaultStat
2026-03-27 11:27:10,767 [INFO] [Arc] 复位 ResetPWFaultStat2: RFQ:LLRF:Mon02:ResetPWFaultStat
2026-03-27 11:27:22,769 [INFO] Arc故障复位完成，等待状态机重新初始化
2026-03-27 11:27:24,873 [INFO] 小步增加 Drive: 102.0→104.0, 功率=10.2kW (目标=12.0kW)
2026-03-27 11:27:24,874 [INFO] 小步增加 Drive: 102.0→104.0, 功率=10.2kW (目标=12.0kW)
2026-03-27 11:27:27,529 [INFO] 小步增加 Drive: 104.0→106.0, 功率=10.4kW (目标=12.0kW)
2026-03-27 11:27:27,529 [INFO] 小步增加 Drive: 104.0→106.0, 功率=10.4kW (目标=12.0kW)
2026-03-27 11:27:30,182 [INFO] 小步增加 Drive: 106.0→108.0, 功率=10.6kW (目标=12.0kW)
2026-03-27 11:27:30,182 [INFO] 小步增加 Drive: 106.0→108.0, 功率=10.6kW (目标=12.0kW)
2026-03-27 11:28:36,474 [INFO] 故障监听器已启动 (arc / VacInterlock / interlock2 / di4)
2026-03-27 11:28:36,476 [INFO] 真空监听器已启动，监听8个真空PV
2026-03-27 11:28:36,476 [INFO] ============================================================
2026-03-27 11:28:36,476 [INFO] RFQ自动老练系统 (状态机版本) 开始运行...
2026-03-27 11:28:36,476 [INFO] ============================================================
2026-03-27 11:28:36,516 [WARNING] 检测到Arc故障 (第1次)
2026-03-27 11:28:36,517 [INFO] [Arc] 复位 reset_interlock: RFQ:LLRF:Con01:ResetInterlock
2026-03-27 11:28:39,506 [ERROR] 读取PV失败: RFQ:LLRF:Con01:AutoC_Start
2026-03-27 11:28:43,535 [ERROR] 读取PV失败: RFQ:LLRF:Con01:AutoC_Start
2026-03-27 11:28:46,631 [WARNING] 用户中断 (Ctrl+C)
2026-03-27 11:28:46,632 [INFO] 状态转换: 空闲等待 (#0) -> 已停止 (#101)
2026-03-27 11:28:46,632 [INFO] STOPPED
2026-03-27 11:28:48,518 [INFO] [Arc] 复位 ResetPWFaultStat1: RFQ:LLRF:Mon01:ResetPWFaultStat
2026-03-27 11:29:00,521 [INFO] [Arc] 复位 ResetPWFaultStat2: RFQ:LLRF:Mon02:ResetPWFaultStat
2026-03-27 11:32:04,926 [INFO] 故障监听器已启动 (arc / VacInterlock / interlock2 / di4)
2026-03-27 11:32:04,927 [INFO] 真空监听器已启动，监听8个真空PV
2026-03-27 11:32:04,927 [INFO] ============================================================
2026-03-27 11:32:04,927 [INFO] RFQ自动老练系统 (状态机版本) 开始运行...
2026-03-27 11:32:04,927 [INFO] ============================================================
2026-03-27 11:32:17,125 [INFO] 状态转换: 空闲等待 (#0) -> 初始化中 (#10)
2026-03-27 11:32:17,125 [INFO] INITIALIZING
2026-03-27 11:32:18,183 [INFO] 从PV加载参数...
2026-03-27 11:32:18,230 [INFO] 多目标模式 [10.0, 12.0, 14.0]，写入第1/3个目标=10.0 kW -> AutoC_TargetPower
2026-03-27 11:32:18,246 [INFO] 目标功率: 10.0 kW
2026-03-27 11:32:18,292 [INFO] 初始Drive: 100.0
2026-03-27 11:32:18,480 [INFO] 保存原始初始脉宽: 100.0 ms
2026-03-27 11:32:18,481 [INFO] 脉冲参数: 100.0-110.0 ms, 步长=10.0 ms
2026-03-27 11:32:18,636 [INFO] 脉冲模式: 起始脉宽=100.0ms
2026-03-27 11:32:18,636 [INFO] RF启动尝试 1/3
2026-03-27 11:32:21,387 [INFO] RF启动成功（第1次尝试）
2026-03-27 11:32:21,387 [INFO] 初始化完成，进入功率调节状态
2026-03-27 11:32:21,387 [INFO] 状态转换: 初始化中 (#10) -> 调节功率 (#20)
2026-03-27 11:32:21,389 [INFO] ADJUSTING_POWER
2026-03-27 11:32:21,765 [INFO] 功率达标: 10.0kW
2026-03-27 11:32:21,765 [INFO] 功率达标: 10.0kW
2026-03-27 11:32:21,766 [INFO] 功率已达标，模式: 脉冲
2026-03-27 11:32:21,766 [INFO] 功率达标，准备展脉宽
2026-03-27 11:32:21,766 [INFO] 状态转换: 调节功率 (#20) -> 展宽脉冲 (#30)
2026-03-27 11:32:21,766 [INFO] EXPANDING_PULSE
2026-03-27 11:32:22,404 [INFO] 展脉宽: 100→110ms
2026-03-27 11:32:24,405 [INFO] 展脉宽: 100→110ms
2026-03-27 11:32:24,405 [INFO] 状态转换: 展宽脉冲 (#30) -> 调节功率 (#20)
2026-03-27 11:32:24,405 [INFO] ADJUSTING_POWER
2026-03-27 11:32:25,045 [INFO] 功率达标: 10.0kW
2026-03-27 11:32:25,045 [INFO] 功率达标: 10.0kW
2026-03-27 11:32:25,045 [INFO] 功率已达标，模式: 脉冲
2026-03-27 11:32:25,046 [INFO] 功率达标，准备展脉宽
2026-03-27 11:32:25,046 [INFO] 状态转换: 调节功率 (#20) -> 展宽脉冲 (#30)
2026-03-27 11:32:25,046 [INFO] EXPANDING_PULSE
2026-03-27 11:32:25,628 [INFO] 脉宽已达目标: 110ms
2026-03-27 11:32:25,629 [INFO] 脉宽已达目标: 110ms
2026-03-27 11:32:25,645 [INFO] 切换到第2/3个功率目标: 12.0 kW
2026-03-27 11:32:25,661 [INFO] 恢复初始脉宽: 100.0ms，准备下一功率目标展脉宽
2026-03-27 11:32:25,661 [INFO] 状态转换: 展宽脉冲 (#30) -> 调节功率 (#20)
2026-03-27 11:32:25,662 [INFO] ADJUSTING_POWER
2026-03-27 11:32:28,333 [INFO] 小步增加 Drive: 100.0→102.0, 功率=10.0kW (目标=12.0kW)
2026-03-27 11:32:28,333 [INFO] 小步增加 Drive: 100.0→102.0, 功率=10.0kW (目标=12.0kW)
2026-03-27 11:32:30,963 [INFO] 小步增加 Drive: 102.0→104.0, 功率=10.2kW (目标=12.0kW)
2026-03-27 11:32:30,963 [INFO] 小步增加 Drive: 102.0→104.0, 功率=10.2kW (目标=12.0kW)
2026-03-27 11:32:33,611 [INFO] 小步增加 Drive: 104.0→106.0, 功率=10.4kW (目标=12.0kW)
2026-03-27 11:32:33,611 [INFO] 小步增加 Drive: 104.0→106.0, 功率=10.4kW (目标=12.0kW)
2026-03-27 11:32:34,599 [WARNING] 用户中断 (Ctrl+C)
2026-03-27 11:32:34,599 [INFO] 状态转换: 调节功率 (#20) -> 已停止 (#101)
2026-03-27 11:32:34,599 [INFO] STOPPED
2026-03-27 11:32:34,669 [WARNING] 用户请求停止
2026-03-27 11:32:35,186 [INFO] 故障监听器已停止
2026-03-27 11:32:35,186 [INFO] 真空监听器已停止
2026-03-27 11:32:50,259 [INFO] 故障监听器已启动 (arc / VacInterlock / interlock2 / di4)
2026-03-27 11:32:50,260 [INFO] 真空监听器已启动，监听8个真空PV
2026-03-27 11:32:50,260 [INFO] ============================================================
2026-03-27 11:32:50,260 [INFO] RFQ自动老练系统 (状态机版本) 开始运行...
2026-03-27 11:32:50,260 [INFO] ============================================================
2026-03-27 11:32:53,355 [INFO] 状态转换: 空闲等待 (#0) -> 初始化中 (#10)
2026-03-27 11:32:53,356 [INFO] INITIALIZING
2026-03-27 11:32:54,417 [INFO] 从PV加载参数...
2026-03-27 11:32:54,464 [INFO] 多目标模式 [10.0, 12.0, 14.0]，写入第1/3个目标=10.0 kW -> AutoC_TargetPower
2026-03-27 11:32:54,479 [INFO] 目标功率: 10.0 kW
2026-03-27 11:32:54,525 [INFO] 初始Drive: 100.0
2026-03-27 11:32:54,713 [INFO] 保存原始初始脉宽: 100.0 ms
2026-03-27 11:32:54,714 [INFO] 脉冲参数: 100.0-110.0 ms, 步长=10.0 ms
2026-03-27 11:32:54,871 [INFO] 脉冲模式: 起始脉宽=100.0ms
2026-03-27 11:32:54,871 [INFO] RF启动尝试 1/3
2026-03-27 11:32:57,579 [INFO] RF启动成功（第1次尝试）
2026-03-27 11:32:57,579 [INFO] 初始化完成，进入功率调节状态
2026-03-27 11:32:57,582 [INFO] 状态转换: 初始化中 (#10) -> 调节功率 (#20)
2026-03-27 11:32:57,583 [INFO] ADJUSTING_POWER
2026-03-27 11:32:57,936 [INFO] 功率达标: 10.0kW
2026-03-27 11:32:57,936 [INFO] 功率达标: 10.0kW
2026-03-27 11:32:57,936 [INFO] 功率已达标，模式: 脉冲
2026-03-27 11:32:57,936 [INFO] 功率达标，准备展脉宽
2026-03-27 11:32:57,936 [INFO] 状态转换: 调节功率 (#20) -> 展宽脉冲 (#30)
2026-03-27 11:32:57,936 [INFO] EXPANDING_PULSE
2026-03-27 11:33:03,480 [ERROR] 读取PV失败: RFQ:LLRF:Con01:WaitTime_Set
2026-03-27 11:33:03,481 [ERROR] 系统异常: '<' not supported between instances of 'float' and 'NoneType'
Traceback (most recent call last):
  File "e:\OneDrive\200-Academic\03-Project\西核所\AutoConditioning\rfq\core\controller.py", line 711, in run
    handler()
  File "e:\OneDrive\200-Academic\03-Project\西核所\AutoConditioning\rfq\core\controller.py", line 538, in _handle_expanding_pulse
    if elapsed < wait_time_val:
       ^^^^^^^^^^^^^^^^^^^^^^^
TypeError: '<' not supported between instances of 'float' and 'NoneType'
2026-03-27 11:33:03,482 [INFO] 状态转换: 展宽脉冲 (#30) -> 错误 (#100)
2026-03-27 11:33:03,482 [INFO] ERROR
2026-03-27 11:33:03,558 [ERROR] 进入错误状态: 系统异常: '<' not supported between instances of 'float' and 'NoneType'
2026-03-27 11:33:04,104 [INFO] 故障监听器已停止
2026-03-27 11:33:04,105 [INFO] 真空监听器已停止
2026-03-27 11:41:28,013 [INFO] 故障监听器已启动 (arc / VacInterlock / interlock2 / di4)
2026-03-27 11:41:28,014 [INFO] 真空监听器已启动，监听8个真空PV
2026-03-27 11:41:28,014 [INFO] ============================================================
2026-03-27 11:41:28,014 [INFO] RFQ自动老练系统 (状态机版本) 开始运行...
2026-03-27 11:41:28,014 [INFO] ============================================================
2026-03-27 11:41:35,154 [INFO] 状态转换: 空闲等待 (#0) -> 初始化中 (#10)
2026-03-27 11:41:35,155 [INFO] INITIALIZING
2026-03-27 11:41:36,200 [INFO] 从PV加载参数...
2026-03-27 11:41:36,263 [INFO] 多目标模式 [10.0, 12.0, 14.0]，写入第1/3个目标=10.0 kW -> AutoC_TargetPower
2026-03-27 11:41:36,278 [INFO] 目标功率: 10.0 kW
2026-03-27 11:41:36,326 [INFO] 初始Drive: 100.0
2026-03-27 11:41:36,482 [INFO] 保存原始初始脉宽: 100.0 ms
2026-03-27 11:41:36,482 [INFO] 脉冲参数: 100.0-110.0 ms, 步长=10.0 ms
2026-03-27 11:41:36,654 [INFO] 脉冲模式: 起始脉宽=100.0ms
2026-03-27 11:41:36,655 [INFO] RF启动尝试 1/3
2026-03-27 11:41:39,401 [INFO] RF启动成功（第1次尝试）
2026-03-27 11:41:39,401 [INFO] 初始化完成，进入功率调节状态
2026-03-27 11:41:39,402 [INFO] 状态转换: 初始化中 (#10) -> 调节功率 (#20)
2026-03-27 11:41:39,402 [INFO] ADJUSTING_POWER
2026-03-27 11:41:39,732 [INFO] 功率达标: 10.0kW
2026-03-27 11:41:39,732 [INFO] 功率达标: 10.0kW
2026-03-27 11:41:39,732 [INFO] 功率已达标，模式: 脉冲
2026-03-27 11:41:39,732 [INFO] 功率达标，准备展脉宽
2026-03-27 11:41:39,733 [INFO] 状态转换: 调节功率 (#20) -> 展宽脉冲 (#30)
2026-03-27 11:41:39,734 [INFO] EXPANDING_PULSE
2026-03-27 11:41:45,287 [ERROR] 读取PV失败: RFQ:LLRF:Con01:WaitTime_Set
2026-03-27 11:41:50,333 [ERROR] 读取PV失败: RFQ:LLRF:Con01:WaitTime_Set
2026-03-27 11:41:55,369 [ERROR] 读取PV失败: RFQ:LLRF:Con01:WaitTime_Set
2026-03-27 11:42:00,403 [ERROR] 读取PV失败: RFQ:LLRF:Con01:WaitTime_Set
2026-03-27 11:42:05,446 [ERROR] 读取PV失败: RFQ:LLRF:Con01:WaitTime_Set
2026-03-27 11:42:10,490 [ERROR] 读取PV失败: RFQ:LLRF:Con01:WaitTime_Set
2026-03-27 11:42:15,535 [ERROR] 读取PV失败: RFQ:LLRF:Con01:WaitTime_Set
2026-03-27 11:42:20,570 [ERROR] 读取PV失败: RFQ:LLRF:Con01:WaitTime_Set
2026-03-27 11:42:25,607 [ERROR] 读取PV失败: RFQ:LLRF:Con01:WaitTime_Set
2026-03-27 11:42:30,645 [ERROR] 读取PV失败: RFQ:LLRF:Con01:WaitTime_Set
2026-03-27 11:42:35,691 [ERROR] 读取PV失败: RFQ:LLRF:Con01:WaitTime_Set
2026-03-27 11:42:40,729 [ERROR] 读取PV失败: RFQ:LLRF:Con01:WaitTime_Set
2026-03-27 11:42:40,775 [INFO] 展脉宽: 100→110ms
2026-03-27 11:42:42,776 [INFO] 展脉宽: 100→110ms
2026-03-27 11:42:42,777 [INFO] 状态转换: 展宽脉冲 (#30) -> 调节功率 (#20)
2026-03-27 11:42:42,777 [INFO] ADJUSTING_POWER
2026-03-27 11:42:43,425 [INFO] 功率达标: 10.0kW
2026-03-27 11:42:43,426 [INFO] 功率达标: 10.0kW
2026-03-27 11:42:43,426 [INFO] 功率已达标，模式: 脉冲
2026-03-27 11:42:43,427 [INFO] 功率达标，准备展脉宽
2026-03-27 11:42:43,427 [INFO] 状态转换: 调节功率 (#20) -> 展宽脉冲 (#30)
2026-03-27 11:42:43,427 [INFO] EXPANDING_PULSE
2026-03-27 11:42:48,978 [ERROR] 读取PV失败: RFQ:LLRF:Con01:WaitTime_Set
2026-03-27 11:42:54,017 [ERROR] 读取PV失败: RFQ:LLRF:Con01:WaitTime_Set
2026-03-27 11:42:59,060 [ERROR] 读取PV失败: RFQ:LLRF:Con01:WaitTime_Set
2026-03-27 11:43:04,097 [ERROR] 读取PV失败: RFQ:LLRF:Con01:WaitTime_Set
2026-03-27 11:43:09,132 [ERROR] 读取PV失败: RFQ:LLRF:Con01:WaitTime_Set
2026-03-27 11:43:14,170 [ERROR] 读取PV失败: RFQ:LLRF:Con01:WaitTime_Set
2026-03-27 11:43:19,203 [ERROR] 读取PV失败: RFQ:LLRF:Con01:WaitTime_Set
2026-03-27 11:43:24,246 [ERROR] 读取PV失败: RFQ:LLRF:Con01:WaitTime_Set
2026-03-27 11:43:29,284 [ERROR] 读取PV失败: RFQ:LLRF:Con01:WaitTime_Set
2026-03-27 11:43:34,323 [ERROR] 读取PV失败: RFQ:LLRF:Con01:WaitTime_Set
2026-03-27 11:43:39,367 [ERROR] 读取PV失败: RFQ:LLRF:Con01:WaitTime_Set
2026-03-27 11:43:44,402 [ERROR] 读取PV失败: RFQ:LLRF:Con01:WaitTime_Set
2026-03-27 11:43:44,433 [INFO] 脉宽已达目标: 110ms
2026-03-27 11:43:44,434 [INFO] 脉宽已达目标: 110ms
2026-03-27 11:43:44,449 [INFO] 切换到第2/3个功率目标: 12.0 kW
2026-03-27 11:43:44,464 [INFO] 恢复初始脉宽: 100.0ms，准备下一功率目标展脉宽
2026-03-27 11:43:44,464 [INFO] 状态转换: 展宽脉冲 (#30) -> 调节功率 (#20)
2026-03-27 11:43:44,465 [INFO] ADJUSTING_POWER
2026-03-27 11:43:47,136 [INFO] 小步增加 Drive: 100.0→102.0, 功率=10.0kW (目标=12.0kW)
2026-03-27 11:43:47,136 [INFO] 小步增加 Drive: 100.0→102.0, 功率=10.0kW (目标=12.0kW)
2026-03-27 11:43:49,789 [INFO] 小步增加 Drive: 102.0→104.0, 功率=10.2kW (目标=12.0kW)
2026-03-27 11:43:49,789 [INFO] 小步增加 Drive: 102.0→104.0, 功率=10.2kW (目标=12.0kW)
2026-03-27 11:43:52,436 [INFO] 小步增加 Drive: 104.0→106.0, 功率=10.4kW (目标=12.0kW)
2026-03-27 11:43:52,436 [INFO] 小步增加 Drive: 104.0→106.0, 功率=10.4kW (目标=12.0kW)
2026-03-27 11:43:55,083 [INFO] 小步增加 Drive: 106.0→108.0, 功率=10.6kW (目标=12.0kW)
2026-03-27 11:43:55,083 [INFO] 小步增加 Drive: 106.0→108.0, 功率=10.6kW (目标=12.0kW)
2026-03-27 11:43:57,738 [INFO] 小步增加 Drive: 108.0→110.0, 功率=10.8kW (目标=12.0kW)
2026-03-27 11:43:57,738 [INFO] 小步增加 Drive: 108.0→110.0, 功率=10.8kW (目标=12.0kW)
2026-03-27 11:44:00,396 [INFO] 小步增加 Drive: 110.0→112.0, 功率=11.0kW (目标=12.0kW)
2026-03-27 11:44:00,396 [INFO] 小步增加 Drive: 110.0→112.0, 功率=11.0kW (目标=12.0kW)
2026-03-27 11:44:01,026 [INFO] 功率达标: 11.2kW
2026-03-27 11:44:01,027 [INFO] 功率达标: 11.2kW
2026-03-27 11:44:01,027 [INFO] 功率已达标，模式: 脉冲
2026-03-27 11:44:01,027 [INFO] 功率达标，准备展脉宽
2026-03-27 11:44:01,028 [INFO] 状态转换: 调节功率 (#20) -> 展宽脉冲 (#30)
2026-03-27 11:44:01,028 [INFO] EXPANDING_PULSE
2026-03-27 11:44:06,568 [ERROR] 读取PV失败: RFQ:LLRF:Con01:WaitTime_Set
2026-03-27 11:44:11,610 [ERROR] 读取PV失败: RFQ:LLRF:Con01:WaitTime_Set
2026-03-27 11:44:15,629 [WARNING] 用户中断 (Ctrl+C)
2026-03-27 11:44:15,629 [INFO] 状态转换: 展宽脉冲 (#30) -> 已停止 (#101)
2026-03-27 11:44:15,630 [INFO] STOPPED
2026-03-27 11:44:15,691 [WARNING] 用户请求停止
2026-03-27 11:44:16,223 [INFO] 故障监听器已停止
2026-03-27 11:44:16,223 [INFO] 真空监听器已停止
2026-03-27 11:44:25,915 [INFO] 故障监听器已启动 (arc / VacInterlock / interlock2 / di4)
2026-03-27 11:44:25,915 [INFO] 真空监听器已启动，监听8个真空PV
2026-03-27 11:44:30,922 [ERROR] 读取PV失败: RFQ:LLRF:Con01:WaitTime_Set
2026-03-27 11:44:30,922 [INFO] ============================================================
2026-03-27 11:44:30,922 [INFO] RFQ自动老练系统 (状态机版本) 开始运行...
2026-03-27 11:44:30,922 [INFO] ============================================================
2026-03-27 11:44:30,969 [INFO] 状态转换: 空闲等待 (#0) -> 初始化中 (#10)
2026-03-27 11:44:30,970 [INFO] INITIALIZING
2026-03-27 11:44:32,042 [INFO] 从PV加载参数...
2026-03-27 11:44:32,089 [INFO] 多目标模式 [10.0, 12.0, 14.0]，写入第1/3个目标=10.0 kW -> AutoC_TargetPower
2026-03-27 11:44:32,104 [INFO] 目标功率: 10.0 kW
2026-03-27 11:44:32,151 [INFO] 初始Drive: 100.0
2026-03-27 11:44:32,341 [INFO] 保存原始初始脉宽: 100.0 ms
2026-03-27 11:44:32,341 [INFO] 脉冲参数: 100.0-110.0 ms, 步长=10.0 ms
2026-03-27 11:44:32,531 [INFO] 脉冲模式: 起始脉宽=100.0ms
2026-03-27 11:44:32,531 [INFO] RF启动尝试 1/3
2026-03-27 11:44:35,266 [INFO] RF启动成功（第1次尝试）
2026-03-27 11:44:35,266 [INFO] 初始化完成，进入功率调节状态
2026-03-27 11:44:35,267 [INFO] 状态转换: 初始化中 (#10) -> 调节功率 (#20)
2026-03-27 11:44:35,267 [INFO] ADJUSTING_POWER
2026-03-27 11:44:35,659 [INFO] 功率达标: 10.0kW
2026-03-27 11:44:35,659 [INFO] 功率达标: 10.0kW
2026-03-27 11:44:35,660 [INFO] 功率已达标，模式: 脉冲
2026-03-27 11:44:35,660 [INFO] 功率达标，准备展脉宽
2026-03-27 11:44:35,660 [INFO] 状态转换: 调节功率 (#20) -> 展宽脉冲 (#30)
2026-03-27 11:44:35,660 [INFO] EXPANDING_PULSE
2026-03-27 11:45:35,702 [INFO] 展脉宽: 100→110ms
2026-03-27 11:45:37,703 [INFO] 展脉宽: 100→110ms
2026-03-27 11:45:37,703 [INFO] 状态转换: 展宽脉冲 (#30) -> 调节功率 (#20)
2026-03-27 11:45:37,703 [INFO] ADJUSTING_POWER
2026-03-27 11:45:38,346 [INFO] 功率达标: 10.0kW
2026-03-27 11:45:38,346 [INFO] 功率达标: 10.0kW
2026-03-27 11:45:38,347 [INFO] 功率已达标，模式: 脉冲
2026-03-27 11:45:38,347 [INFO] 功率达标，准备展脉宽
2026-03-27 11:45:38,347 [INFO] 状态转换: 调节功率 (#20) -> 展宽脉冲 (#30)
2026-03-27 11:45:38,347 [INFO] EXPANDING_PULSE
2026-03-27 11:46:38,396 [INFO] 脉宽已达目标: 110ms
2026-03-27 11:46:38,420 [INFO] 脉宽已达目标: 110ms
2026-03-27 11:46:38,428 [INFO] 切换到第2/3个功率目标: 12.0 kW
2026-03-27 11:46:38,443 [INFO] 恢复初始脉宽: 100.0ms，准备下一功率目标展脉宽
2026-03-27 11:46:38,443 [INFO] 状态转换: 展宽脉冲 (#30) -> 调节功率 (#20)
2026-03-27 11:46:38,443 [INFO] ADJUSTING_POWER
2026-03-27 11:46:41,116 [INFO] 小步增加 Drive: 100.0→102.0, 功率=10.0kW (目标=12.0kW)
2026-03-27 11:46:41,116 [INFO] 小步增加 Drive: 100.0→102.0, 功率=10.0kW (目标=12.0kW)
2026-03-27 11:46:43,761 [INFO] 小步增加 Drive: 102.0→104.0, 功率=10.2kW (目标=12.0kW)
2026-03-27 11:46:43,761 [INFO] 小步增加 Drive: 102.0→104.0, 功率=10.2kW (目标=12.0kW)
2026-03-27 11:46:46,395 [INFO] 小步增加 Drive: 104.0→106.0, 功率=10.4kW (目标=12.0kW)
2026-03-27 11:46:46,396 [INFO] 小步增加 Drive: 104.0→106.0, 功率=10.4kW (目标=12.0kW)
2026-03-27 11:46:49,052 [INFO] 小步增加 Drive: 106.0→108.0, 功率=10.6kW (目标=12.0kW)
2026-03-27 11:46:49,052 [INFO] 小步增加 Drive: 106.0→108.0, 功率=10.6kW (目标=12.0kW)
2026-03-27 11:46:51,702 [INFO] 小步增加 Drive: 108.0→110.0, 功率=10.8kW (目标=12.0kW)
2026-03-27 11:46:51,702 [INFO] 小步增加 Drive: 108.0→110.0, 功率=10.8kW (目标=12.0kW)
2026-03-27 11:46:54,351 [INFO] 小步增加 Drive: 110.0→112.0, 功率=11.0kW (目标=12.0kW)
2026-03-27 11:46:54,351 [INFO] 小步增加 Drive: 110.0→112.0, 功率=11.0kW (目标=12.0kW)
2026-03-27 11:46:54,992 [INFO] 功率达标: 11.2kW
2026-03-27 11:46:54,992 [INFO] 功率达标: 11.2kW
2026-03-27 11:46:54,992 [INFO] 功率已达标，模式: 脉冲
2026-03-27 11:46:54,993 [INFO] 功率达标，准备展脉宽
2026-03-27 11:46:54,993 [INFO] 状态转换: 调节功率 (#20) -> 展宽脉冲 (#30)
2026-03-27 11:46:54,994 [INFO] EXPANDING_PULSE
2026-03-27 11:47:55,049 [INFO] 展脉宽: 100→110ms
2026-03-27 11:47:57,050 [INFO] 展脉宽: 100→110ms
2026-03-27 11:47:57,050 [INFO] 状态转换: 展宽脉冲 (#30) -> 调节功率 (#20)
2026-03-27 11:47:57,050 [INFO] ADJUSTING_POWER
2026-03-27 11:47:57,698 [INFO] 功率达标: 11.2kW
2026-03-27 11:47:57,698 [INFO] 功率达标: 11.2kW
2026-03-27 11:47:57,698 [INFO] 功率已达标，模式: 脉冲
2026-03-27 11:47:57,698 [INFO] 功率达标，准备展脉宽
2026-03-27 11:47:57,698 [INFO] 状态转换: 调节功率 (#20) -> 展宽脉冲 (#30)
2026-03-27 11:47:57,698 [INFO] EXPANDING_PULSE
2026-03-27 11:48:57,756 [INFO] 脉宽已达目标: 110ms
2026-03-27 11:48:57,757 [INFO] 脉宽已达目标: 110ms
2026-03-27 11:48:57,771 [INFO] 切换到第3/3个功率目标: 14.0 kW
2026-03-27 11:48:57,788 [INFO] 恢复初始脉宽: 100.0ms，准备下一功率目标展脉宽
2026-03-27 11:48:57,788 [INFO] 状态转换: 展宽脉冲 (#30) -> 调节功率 (#20)
2026-03-27 11:48:57,788 [INFO] ADJUSTING_POWER
2026-03-27 11:49:00,458 [INFO] 小步增加 Drive: 112.0→114.0, 功率=11.2kW (目标=14.0kW)
2026-03-27 11:49:00,458 [INFO] 小步增加 Drive: 112.0→114.0, 功率=11.2kW (目标=14.0kW)
2026-03-27 11:49:03,109 [INFO] 小步增加 Drive: 114.0→116.0, 功率=11.4kW (目标=14.0kW)
2026-03-27 11:49:03,109 [INFO] 小步增加 Drive: 114.0→116.0, 功率=11.4kW (目标=14.0kW)
2026-03-27 11:49:05,745 [INFO] 小步增加 Drive: 116.0→118.0, 功率=11.6kW (目标=14.0kW)
2026-03-27 11:49:05,746 [INFO] 小步增加 Drive: 116.0→118.0, 功率=11.6kW (目标=14.0kW)
2026-03-27 11:49:08,400 [INFO] 小步增加 Drive: 118.0→120.0, 功率=11.8kW (目标=14.0kW)
2026-03-27 11:49:08,400 [INFO] 小步增加 Drive: 118.0→120.0, 功率=11.8kW (目标=14.0kW)
2026-03-27 11:49:11,046 [INFO] 小步增加 Drive: 120.0→122.0, 功率=12.0kW (目标=14.0kW)
2026-03-27 11:49:11,047 [INFO] 小步增加 Drive: 120.0→122.0, 功率=12.0kW (目标=14.0kW)
2026-03-27 11:49:13,702 [INFO] 小步增加 Drive: 122.0→124.0, 功率=12.2kW (目标=14.0kW)
2026-03-27 11:49:13,702 [INFO] 小步增加 Drive: 122.0→124.0, 功率=12.2kW (目标=14.0kW)
2026-03-27 11:49:16,355 [INFO] 小步增加 Drive: 124.0→126.0, 功率=12.4kW (目标=14.0kW)
2026-03-27 11:49:16,355 [INFO] 小步增加 Drive: 124.0→126.0, 功率=12.4kW (目标=14.0kW)
2026-03-27 11:49:19,011 [INFO] 小步增加 Drive: 126.0→128.0, 功率=12.6kW (目标=14.0kW)
2026-03-27 11:49:19,012 [INFO] 小步增加 Drive: 126.0→128.0, 功率=12.6kW (目标=14.0kW)
2026-03-27 11:49:21,655 [INFO] 小步增加 Drive: 128.0→130.0, 功率=12.8kW (目标=14.0kW)
2026-03-27 11:49:21,655 [INFO] 小步增加 Drive: 128.0→130.0, 功率=12.8kW (目标=14.0kW)
2026-03-27 11:49:24,298 [INFO] 小步增加 Drive: 130.0→132.0, 功率=13.0kW (目标=14.0kW)
2026-03-27 11:49:24,299 [INFO] 小步增加 Drive: 130.0→132.0, 功率=13.0kW (目标=14.0kW)
2026-03-27 11:49:24,933 [INFO] 功率达标: 13.2kW
2026-03-27 11:49:24,933 [INFO] 功率达标: 13.2kW
2026-03-27 11:49:24,933 [INFO] 功率已达标，模式: 脉冲
2026-03-27 11:49:24,934 [INFO] 功率达标，准备展脉宽
2026-03-27 11:49:24,934 [INFO] 状态转换: 调节功率 (#20) -> 展宽脉冲 (#30)
2026-03-27 11:49:24,934 [INFO] EXPANDING_PULSE
2026-03-27 11:50:25,004 [INFO] 展脉宽: 100→110ms
2026-03-27 11:50:27,005 [INFO] 展脉宽: 100→110ms
2026-03-27 11:50:27,006 [INFO] 状态转换: 展宽脉冲 (#30) -> 调节功率 (#20)
2026-03-27 11:50:27,006 [INFO] ADJUSTING_POWER
2026-03-27 11:50:27,649 [INFO] 功率达标: 13.2kW
2026-03-27 11:50:27,650 [INFO] 功率达标: 13.2kW
2026-03-27 11:50:27,650 [INFO] 功率已达标，模式: 脉冲
2026-03-27 11:50:27,651 [INFO] 功率达标，准备展脉宽
2026-03-27 11:50:27,651 [INFO] 状态转换: 调节功率 (#20) -> 展宽脉冲 (#30)
2026-03-27 11:50:27,653 [INFO] EXPANDING_PULSE
2026-03-27 11:50:48,978 [WARNING] 用户中断 (Ctrl+C)
2026-03-27 11:50:48,978 [INFO] 状态转换: 展宽脉冲 (#30) -> 已停止 (#101)
2026-03-27 11:50:48,981 [INFO] STOPPED
2026-03-27 11:50:49,040 [WARNING] 用户请求停止
2026-03-27 11:50:49,556 [INFO] 故障监听器已停止
2026-03-27 11:50:49,556 [INFO] 真空监听器已停止
2026-03-27 11:51:04,640 [INFO] 故障监听器已启动 (arc / VacInterlock / interlock2 / di4)
2026-03-27 11:51:04,642 [INFO] 真空监听器已启动，监听8个真空PV
2026-03-27 11:51:09,647 [ERROR] 读取PV失败: RFQ:LLRF:Con01:WaitTime_Set
2026-03-27 11:51:09,648 [INFO] ============================================================
2026-03-27 11:51:09,648 [INFO] RFQ自动老练系统 (状态机版本) 开始运行...
2026-03-27 11:51:09,649 [INFO] ============================================================
2026-03-27 11:51:09,694 [INFO] 状态转换: 空闲等待 (#0) -> 初始化中 (#10)
2026-03-27 11:51:09,695 [INFO] INITIALIZING
2026-03-27 11:51:10,765 [INFO] 从PV加载参数...
2026-03-27 11:51:10,812 [INFO] 多目标模式 [10.0, 12.0, 14.0]，写入第1/3个目标=10.0 kW -> AutoC_TargetPower
2026-03-27 11:51:10,828 [INFO] 目标功率: 10.0 kW
2026-03-27 11:51:10,874 [INFO] 初始Drive: 100.0
2026-03-27 11:51:11,028 [INFO] 保存原始初始脉宽: 100.0 ms
2026-03-27 11:51:11,028 [INFO] 脉冲参数: 100.0-110.0 ms, 步长=10.0 ms
2026-03-27 11:51:11,183 [INFO] 脉冲模式: 起始脉宽=100.0ms
2026-03-27 11:51:11,184 [INFO] RF启动尝试 1/3
2026-03-27 11:51:13,924 [INFO] RF启动成功（第1次尝试）
2026-03-27 11:51:13,925 [INFO] 初始化完成，进入功率调节状态
2026-03-27 11:51:13,925 [INFO] 状态转换: 初始化中 (#10) -> 调节功率 (#20)
2026-03-27 11:51:13,925 [INFO] ADJUSTING_POWER
2026-03-27 11:51:14,312 [INFO] 功率达标: 10.0kW
2026-03-27 11:51:14,312 [INFO] 功率已达标，模式: 脉冲
2026-03-27 11:51:14,312 [INFO] 功率达标，准备展脉宽
2026-03-27 11:51:14,312 [INFO] 状态转换: 调节功率 (#20) -> 展宽脉冲 (#30)
2026-03-27 11:51:14,312 [INFO] EXPANDING_PULSE
2026-03-27 11:51:16,074 [INFO] 状态转换: 展宽脉冲 (#30) -> 已暂停 (#15)
2026-03-27 11:51:16,074 [INFO] PAUSED
2026-03-27 11:51:48,306 [INFO] 检测到恢复信号，重新加载控制参数...
2026-03-27 11:51:48,307 [INFO] 从PV加载参数...
2026-03-27 11:51:48,322 [INFO] 多目标模式 [16.0, 18.0, 22.0]，写入第1/3个目标=16.0 kW -> AutoC_TargetPower
2026-03-27 11:51:48,337 [INFO] 目标功率: 16.0 kW
2026-03-27 11:51:48,353 [INFO] 初始Drive: 100.0
2026-03-27 11:51:48,400 [INFO] 脉冲参数: 100.0-110.0 ms, 步长=10.0 ms
2026-03-27 11:51:48,401 [INFO] 恢复运行，返回到状态: 展宽脉冲
2026-03-27 11:51:48,401 [INFO] 状态转换: 已暂停 (#15) -> 展宽脉冲 (#30)
2026-03-27 11:51:48,402 [INFO] EXPANDING_PULSE
2026-03-27 11:52:22,979 [INFO] 状态转换: 展宽脉冲 (#30) -> 已暂停 (#15)
2026-03-27 11:52:22,980 [INFO] PAUSED
2026-03-27 11:52:27,119 [INFO] 检测到恢复信号，重新加载控制参数...
2026-03-27 11:52:27,120 [INFO] 从PV加载参数...
2026-03-27 11:52:27,135 [INFO] 多目标模式 [16.0, 18.0, 22.0]，写入第1/3个目标=16.0 kW -> AutoC_TargetPower
2026-03-27 11:52:27,150 [INFO] 目标功率: 16.0 kW
2026-03-27 11:52:27,166 [INFO] 初始Drive: 100.0
2026-03-27 11:52:27,212 [INFO] 脉冲参数: 100.0-110.0 ms, 步长=10.0 ms
2026-03-27 11:52:27,212 [INFO] 恢复运行，返回到状态: 展宽脉冲
2026-03-27 11:52:27,212 [INFO] 状态转换: 已暂停 (#15) -> 展宽脉冲 (#30)
2026-03-27 11:52:27,212 [INFO] EXPANDING_PULSE
2026-03-27 11:52:50,147 [INFO] 状态转换: 展宽脉冲 (#30) -> 已暂停 (#15)
2026-03-27 11:52:50,147 [INFO] PAUSED
2026-03-27 11:52:51,209 [INFO] 检测到恢复信号，重新加载控制参数...
2026-03-27 11:52:51,209 [INFO] 从PV加载参数...
2026-03-27 11:52:51,225 [INFO] 多目标模式 [16.0, 18.0, 22.0]，写入第1/3个目标=16.0 kW -> AutoC_TargetPower
2026-03-27 11:52:51,240 [INFO] 目标功率: 16.0 kW
2026-03-27 11:52:51,255 [INFO] 初始Drive: 100.0
2026-03-27 11:52:51,303 [INFO] 脉冲参数: 100.0-110.0 ms, 步长=10.0 ms
2026-03-27 11:52:51,303 [INFO] 恢复运行，返回到状态: 展宽脉冲
2026-03-27 11:52:51,303 [INFO] 状态转换: 已暂停 (#15) -> 展宽脉冲 (#30)
2026-03-27 11:52:51,303 [INFO] EXPANDING_PULSE
2026-03-27 11:52:52,828 [INFO] 状态转换: 展宽脉冲 (#30) -> 已暂停 (#15)
2026-03-27 11:52:52,829 [INFO] PAUSED
2026-03-27 11:53:09,730 [INFO] 检测到恢复信号，重新加载控制参数...
2026-03-27 11:53:09,731 [INFO] 从PV加载参数...
2026-03-27 11:53:09,746 [INFO] 多目标模式 [16.0, 18.0, 22.0]，写入第1/3个目标=16.0 kW -> AutoC_TargetPower
2026-03-27 11:53:09,761 [INFO] 目标功率: 16.0 kW
2026-03-27 11:53:09,776 [INFO] 初始Drive: 100.0
2026-03-27 11:53:09,823 [INFO] 脉冲参数: 100.0-110.0 ms, 步长=10.0 ms
2026-03-27 11:53:09,824 [INFO] 恢复运行，返回到状态: 展宽脉冲
2026-03-27 11:53:09,824 [INFO] 状态转换: 已暂停 (#15) -> 展宽脉冲 (#30)
2026-03-27 11:53:09,824 [INFO] EXPANDING_PULSE
2026-03-27 11:53:17,904 [INFO] 状态转换: 展宽脉冲 (#30) -> 已暂停 (#15)
2026-03-27 11:53:17,905 [INFO] PAUSED
